  Cài đặt tìm thấy:
    gnutls   gnutls-serv 3.8.13
    mbedtls  mbedtls ssl_server2/ssl_client2
    openssl  OpenSSL 3.6.4 25 Aug 2026 (Library: OpenSSL 3.6.4 25 Aug 2026)

  ═══ CHỨNG DƯƠNG TÍNH THEO TỪNG CẶP (cài đặt × chứng thư), MTU 1400 ═══
  Cặp nào không bắt tay nổi ở MTU RỘNG thì bị LOẠI khỏi quét: mọi ô của nó sẽ
  phản ánh giới hạn của thư viện chứ không phải của đường truyền.

    gnutls   RSA-2048   ✅ dùng được  (2.47 s)
    mbedtls  RSA-2048   ✅ dùng được  (0.03 s)
    openssl  RSA-2048   ✅ dùng được  (0.04 s)
    gnutls   RSA-8192   ✅ dùng được  (2.65 s)
    mbedtls  RSA-8192   ✅ dùng được  (0.16 s)
    openssl  RSA-8192   ✅ dùng được  (0.08 s)
    gnutls   RSA-15360  ✅ dùng được  (3.19 s)
    mbedtls  RSA-15360  ⛔ LOẠI, thư viện không xử lý được cặp này  (0.00 s)
    openssl  RSA-15360  ✅ dùng được  (0.25 s)

  ══ chứng thư RSA-2048 = 1090 byte ══
  cài đặt      MTU   ~mảnh    kết quả      giây
  --------------------------------------------------
  gnutls       102      11     ✅ xong      6.54
  gnutls       150       8     ✅ xong      4.88
  gnutls       200       6     ✅ xong      3.28
  gnutls       250       5     ✅ xong      2.97
  gnutls       300       4     ✅ xong      2.87
  gnutls       400       3     ✅ xong      2.77
  gnutls       600       2     ✅ xong      2.57
  mbedtls      102      11     ✅ xong     25.03
  mbedtls      150       8     ✅ xong     25.03
  mbedtls      200       6     ✅ xong      0.03
  mbedtls      250       5     ✅ xong      0.03
  mbedtls      300       4     ✅ xong      0.03
  mbedtls      400       3     ✅ xong      0.03
  mbedtls      600       2     ✅ xong      0.03
  openssl      102      11     ⛔ hỏng      0.03
  openssl      150       8     ⛔ hỏng      0.03
  openssl      200       6     ⛔ hỏng      0.03
  openssl      250       5     ⛔ hỏng      0.03
  openssl      300       4     ✅ xong      0.03
  openssl      400       3     ✅ xong      0.03
  openssl      600       2     ✅ xong      0.03

  ══ chứng thư RSA-8192 = 3170 byte ══
  cài đặt      MTU   ~mảnh    kết quả      giây
  --------------------------------------------------
  gnutls       102      32  ⏱ hết giờ     25.03
  gnutls       150      22     ✅ xong      8.57
  gnutls       200      16     ✅ xong      7.07
  gnutls       250      13     ✅ xong      5.86
  gnutls       300      11     ✅ xong      5.26
  gnutls       400       8     ✅ xong      4.66
  gnutls       600       6     ✅ xong      3.06
  mbedtls      102      32     ✅ xong     25.03
  mbedtls      150      22     ✅ xong     25.03
  mbedtls      200      16     ✅ xong      0.17
  mbedtls      250      13     ✅ xong      0.16
  mbedtls      300      11     ✅ xong      0.16
  mbedtls      400       8     ✅ xong      0.16
  mbedtls      600       6     ✅ xong      0.16
  openssl      102      32     ⛔ hỏng      0.03
  openssl      150      22     ⛔ hỏng      0.03
  openssl      200      16     ⛔ hỏng      0.03
  openssl      250      13     ⛔ hỏng      0.03
  openssl      300      11     ✅ xong      0.09
  openssl      400       8     ✅ xong      0.08
  openssl      600       6     ✅ xong      0.08

  ══ chứng thư RSA-15360 = 5600 byte ══
  cài đặt      MTU   ~mảnh    kết quả      giây
  --------------------------------------------------
  gnutls       102      55  ⏱ hết giờ     25.03
  gnutls       150      38  ⏱ hết giờ     25.03
  gnutls       200      28  ⏱ hết giờ     25.03
  gnutls       250      23     ✅ xong      8.60
  gnutls       300      19     ✅ xong      7.60
  gnutls       400      14     ✅ xong      6.39
  gnutls       600      10     ✅ xong      5.29
  mbedtls   (bỏ qua: không qua chứng dương tính ở cặp này)
  openssl      102      55     ⛔ hỏng      0.03
  openssl      150      38     ⛔ hỏng      0.03
  openssl      200      28     ⛔ hỏng      0.03
  openssl      250      23     ⛔ hỏng      0.03
  openssl      300      19     ✅ xong      0.25
  openssl      400      14     ✅ xong      0.24
  openssl      600      10     ✅ xong      0.25

  ═══ RANH GIỚI NẰM TRÊN TRỤC NÀO? ═══
  Một trục 'tách được' khi mọi ca chạy nằm hẳn một bên mọi ca hỏng.
  gnutls     số mảnh: ✅ TÁCH ĐƯỢC, ranh giới 23|28  MTU: ⛔ chồng lấn
  mbedtls    số mảnh: (không đủ hai phía)  MTU: (không đủ hai phía)
  openssl    số mảnh: ⛔ chồng lấn  MTU: ✅ TÁCH ĐƯỢC, ranh giới 250|300

  ═══ NGƯỠNG THEO TỪNG CÀI ĐẶT (chỉ đúng nếu trục số mảnh TÁCH ĐƯỢC) ═══
  gnutls    xong tới 23 mảnh · hỏng từ 28 mảnh
  mbedtls   chạy được tới 32 mảnh, KHÔNG ca nào hỏng
  openssl   xong tới 19 mảnh · hỏng từ 5 mảnh

  ═══ TÁCH GIẢ THUYẾT: hết giờ (b) hay giới hạn số mảnh (c)? ═══
  thời gian trung bình: ca hỏng 6.28 s · ca xong 4.76 s (gấp 1.3 lần)
  ⇒ ca hỏng KHÔNG lâu hơn đáng kể ⇒ nghiêng về (c) GIỚI HẠN SỐ MẢNH.

  ═══ PHÁN QUYẾT ═══
  ⚠ Các cài đặt gãy ở ngưỡng RẤT KHÁC nhau (5, 28).
     ⇒ Đây là chuyện THAM SỐ CÀI ĐẶT, KHÔNG được viết thành tuyên bố về
        giao thức. Phải nêu từng cài đặt riêng.

  → results/m3_fragment_threshold.json
